mads 2.0.8
Source: /home/paul/eclipse-workspace/atari_rcl_MenuDos/equ.asm
     1 				;
     2 				;  This program is free software; you can redistribute it and/or modify
     3 				;  it under the terms of the GNU General Public License as published by
     4 				;  the Free Software Foundation; either version 2 of the License, or
     5 				;  (at your option) any later version.
     6 				;
     7 				;  This program is distributed in the hope that it will be useful,
     8 				;  but WITHOUT ANY WARRANTY; without even the implied warranty of
     9 				;  MERCHANTABILITY or FITNESS FOR A PARTICULAR PURPOSE.  See the
    10 				;  GNU General Public License for more details.
    11 				;
    12 				;  You should have received a copy of the GNU General Public License
    13 				;  along with this program; if not, write to the Free Software
    14 				;  Foundation, Inc., 675 Mass Ave, Cambridge, MA 02139, USA.
    15 				;
    16
    17 = 0300			DDEVIC	equ $0300
    18 = 0301			DUNIT	equ $0301
    19 = 0302			DCOMND	equ $0302
    20 = 0303			DSTATS	equ $0303
    21 = 0304			DBUFLO	equ $0304
    22 = 0305			DBUFHI	equ $0305
    23 = 0306			DTIMLO	equ $0306
    24 = 0307			DUNUSE	equ $0307
    25 = 0308			DBYTLO	equ $0308
    26 = 0309			DBYTHI	equ $0309
    27 = 030A			DAUX1	equ $030A
    28 = 030B			DAUX2	equ $030B
    29 = 003C			NOCKSM	equ $003C
    30
    31 = 0342			iccom	equ $0342
    32 = 0344			icbadr	equ $0344
    33 = 0346			icptl	equ $0346
    34 = 0347			icpth	equ $0347
    35 = 0348			icblen	equ $0348
    36 = 034A			icaux1	equ $034A
    37 = 034B			icaux2	equ $034B
    38
    39 = E456			ciov	equ $e456
    40
    41 = D301			portb	equ $d301
    42
    43 = 000A			DOSVEC	equ $0A
    44 = 000C			DOSINI	equ $0C
    45
    46 = E459			SIOV	equ $E459
    47
    48 = FFC3			I_SETTD	equ $FFC3
    49 = FFC6			I_TDON	equ $FFC6
    50
    51
    52 					.enum Cmd
    53 = 0091			GetDR           = $91	
    54 = 0092			GetSL           = $92
    55 = 0093			GetTD	        = $93
    56 = 0094			Swap	     	= $94
    57 = 0095			Unmount		    = $95
    58 = 0096			Mount		    = $96
    59 = 0097			CreateAndMount	= $97
    60 = 0098			AutoToggle	    = $98
    61 = 0099			Save            = $99
    62 = 009A			MountAndBoot    = $9A   
    63 					.ende
    64
    65 					.enum DCB
    66 = 0000			PutDR	
    67 = 0001			GetDR	
    68 = 0002			GetSL
    69 = 0003			GetTD
    70 = 0004			Swap
    71 = 0005			Unmount
    72 = 0006			Mount
    73 = 0007			CreateAndMount
    74 = 0008			AutoToggle
    75 = 0009			GetDrvNum
    76 = 000A			Save
    77 = 000B			MountAndBoot
    78 					.ende
    79
    80
    81 = 0021			comfnam	equ $21
    82 = 000A			comtab	equ $0A
    83
    84 					org $80
    85 = 0080			Temp1		.ds 2
    86 = 0082			Temp2		.ds 2
    87 = 0084			Temp3		.ds 2
    88 = 0086			Temp4		.ds 2
    89 = 0088			LeadingZeroFlag	.ds 1
    90 = 0089			ArgIndex	.ds 1
    91 = 008A			FieldWidth	.ds 1
    92 = 008B			StringIndex	.ds 1
    93
    94 				.macro ldxy
    95 					ldx #< :1
    96 					ldy #> :1
    97 				.endm
    98
    99 				.macro ldax
   100 					lda #< :1
   101 					ldx #> :1
   102 				.endm
   103
   104 				.macro stax
   105 					sta :1
   106 					stx :1+1
   107 				.endm
   108
